// Jest Snapshot v1, https://goo.gl/fbAQLP

exports[`challengeSeed-to-data plugin should have an output to match the snapshot 1`] = `
Object {
  "solutionFiles": Array [],
  "solutions": Array [
    "function testFunction(arg) {
  return arg;
}

testFunction('hello');
",
  ],
}
`;
