// Jest Snapshot v1, https://goo.gl/fbAQLP

exports[`tests-to-data plugin should have an output to match the snapshot 1`] = `
Object {
  "tests": Array [
    Object {
      "testString": "assert.isTrue((/hello(\\\\s)+world/gi).test($('h1').text()), 'Your <code>h1</code> element should have the text \\"Hello World\\".');",
      "text": "Your <code>h1</code> element should have the text \\"Hello World\\".",
    },
  ],
}
`;
Reference-style: 
![alt text][logo]

[logo]: https://github.com/adam-p/markdown-here/raw/master/src/common/images/icon48.png "Logo Title Text 2"
