// Jest Snapshot v1, https://goo.gl/fbAQLP

exports[`<Footer /> matches snapshot 1`] = `
<footer
  className="site-footer"
>
  <div
    className="footer-container"
  >
    <div
      className="footer-top"
    >
      <div
        className="footer-desc-col"
      >
        <div
          className="language-menu"
        >
          <label>
            footer.language
            <select
              onChange={[Function]}
            >
              <option
                value="english"
              >
                English
              </option>
              <option
                value="espanol"
              >
                Español
              </option>
              <option
                value="chinese"
              >
                中文
              </option>
            </select>
          </label>
        </div>
        <p>
          footer.tax-exempt-status
        </p>
        <p>
          footer.mission-statement
        </p>
        <p>
          footer.donation-initiatives
        </p>
        <p
          className="footer-donation"
        >
          footer.donate-text
           
          <a
            className="inline"
            href="/donate"
          >
            footer.donate-link
          </a>
          .
        </p>
      </div>
      <div
        className="trending-guides"
      >
        <div
          className="col-header"
        >
          footer.trending-guides
        </div>
        <div
          className="trending-guides-row"
        >
          <div
            className="footer-col footer-col-1"
          >
            <a
              href="trending:articles.0.link"
              rel="noopener noreferrer"
              target="_blank"
            >
              trending:articles.0.title
            </a>
            <a
              href="trending:articles.1.link"
              rel="noopener noreferrer"
              target="_blank"
            >
              trending:articles.1.title
            </a>
            <a
              href="trending:articles.2.link"
              rel="noopener noreferrer"
              target="_blank"
            >
              trending:articles.2.title
            </a>
            <a
              href="trending:articles.3.link"
              rel="noopener noreferrer"
              target="_blank"
            >
              trending:articles.3.title
            </a>
            <a
              href="trending:articles.4.link"
              rel="noopener noreferrer"
              target="_blank"
            >
              trending:articles.4.title
            </a>
            <a
              href="trending:articles.5.link"
              rel="noopener noreferrer"
              target="_blank"
            >
              trending:articles.5.title
            </a>
            <a
              href="trending:articles.6.link"
              rel="noopener noreferrer"
              target="_blank"
            >
              trending:articles.6.title
            </a>
            <a
              href="trending:articles.7.link"
              rel="noopener noreferrer"
              target="_blank"
            >
              trending:articles.7.title
            </a>
            <a
              href="trending:articles.8.link"
              rel="noopener noreferrer"
              target="_blank"
            >
              trending:articles.8.title
            </a>
            <a
              href="trending:articles.9.link"
              rel="noopener noreferrer"
              target="_blank"
            >
              trending:articles.9.title
            </a>
          </div>
          <div
            className="footer-col footer-col-2"
          >
            <a
              href="trending:articles.10.link"
              rel="noopener noreferrer"
              target="_blank"
            >
              trending:articles.10.title
            </a>
            <a
              href="trending:articles.11.link"
              rel="noopener noreferrer"
              target="_blank"
            >
              trending:articles.11.title
            </a>
            <a
              href="trending:articles.12.link"
              rel="noopener noreferrer"
              target="_blank"
            >
              trending:articles.12.title
            </a>
            <a
              href="trending:articles.13.link"
              rel="noopener noreferrer"
              target="_blank"
            >
              trending:articles.13.title
            </a>
            <a
              href="trending:articles.14.link"
              rel="noopener noreferrer"
              target="_blank"
            >
              trending:articles.14.title
            </a>
            <a
              href="trending:articles.15.link"
              rel="noopener noreferrer"
              target="_blank"
            >
              trending:articles.15.title
            </a>
            <a
              href="trending:articles.16.link"
              rel="noopener noreferrer"
              target="_blank"
            >
              trending:articles.16.title
            </a>
            <a
              href="trending:articles.17.link"
              rel="noopener noreferrer"
              target="_blank"
            >
              trending:articles.17.title
            </a>
            <a
              href="trending:articles.18.link"
              rel="noopener noreferrer"
              target="_blank"
            >
              trending:articles.18.title
            </a>
            <a
              href="trending:articles.19.link"
              rel="noopener noreferrer"
              target="_blank"
            >
              trending:articles.19.title
            </a>
          </div>
          <div
            className="footer-col footer-col-3"
          >
            <div
              className="footer-left"
            >
              <a
                href="trending:articles.20.link"
                rel="noopener noreferrer"
                target="_blank"
              >
                trending:articles.20.title
              </a>
              <a
                href="trending:articles.21.link"
                rel="noopener noreferrer"
                target="_blank"
              >
                trending:articles.21.title
              </a>
              <a
                href="trending:articles.22.link"
                rel="noopener noreferrer"
                target="_blank"
              >
                trending:articles.22.title
              </a>
              <a
                href="trending:articles.23.link"
                rel="noopener noreferrer"
                target="_blank"
              >
                trending:articles.23.title
              </a>
              <a
                href="trending:articles.24.link"
                rel="noopener noreferrer"
                target="_blank"
              >
                trending:articles.24.title
              </a>
            </div>
            <div
              className="footer-right"
            >
              <a
                href="trending:articles.25.link"
                rel="noopener noreferrer"
                target="_blank"
              >
                trending:articles.25.title
              </a>
              <a
                href="trending:articles.26.link"
                rel="noopener noreferrer"
                target="_blank"
              >
                trending:articles.26.title
              </a>
              <a
                href="trending:articles.27.link"
                rel="noopener noreferrer"
                target="_blank"
              >
                trending:articles.27.title
              </a>
              <a
                href="trending:articles.28.link"
                rel="noopener noreferrer"
                target="_blank"
              >
                trending:articles.28.title
              </a>
              <a
                href="trending:articles.29.link"
                rel="noopener noreferrer"
                target="_blank"
              >
                trending:articles.29.title
              </a>
            </div>
          </div>
        </div>
      </div>
    </div>
    <div
      className="footer-bottom"
    >
      <div
        className="col-header"
      >
        footer.our-nonprofit
      </div>
      <div
        className="footer-divder"
      />
      <div
        className="our-nonprofit"
      >
        <a
          href="footer.links.about-url"
          rel="noopener noreferrer"
          target="_blank"
        >
          footer.links.about
        </a>
        <a
          href="https://www.linkedin.com/school/free-code-camp/people/"
          rel="noopener noreferrer"
          target="_blank"
        >
          footer.links.alumni
        </a>
        <a
          href="https://github.com/freeCodeCamp/"
          rel="noopener noreferrer"
          target="_blank"
        >
          footer.links.open-source
        </a>
        <a
          href="footer.links.shop-url"
          rel="noopener noreferrer"
          target="_blank"
        >
          footer.links.shop
        </a>
        <a
          href="footer.links.support-url"
          rel="noopener noreferrer"
          target="_blank"
        >
          footer.links.support
        </a>
        <a
          href="footer.links.sponsors-url"
          rel="noopener noreferrer"
          target="_blank"
        >
          footer.links.sponsors
        </a>
        <a
          href="footer.links.honesty-url"
          rel="noopener noreferrer"
          target="_blank"
        >
          footer.links.honesty
        </a>
        <a
          href="footer.links.coc-url"
          rel="noopener noreferrer"
          target="_blank"
        >
          footer.links.coc
        </a>
        <a
          href="footer.links.privacy-url"
          rel="noopener noreferrer"
          target="_blank"
        >
          footer.links.privacy
        </a>
        <a
          href="footer.links.tos-url"
          rel="noopener noreferrer"
          target="_blank"
        >
          footer.links.tos
        </a>
        <a
          href="footer.links.copyright-url"
          rel="noopener noreferrer"
          target="_blank"
        >
          footer.links.copyright
        </a>
      </div>
    </div>
  </div>
</footer>
`;
