// Jest Snapshot v1, https://goo.gl/fbAQLP

exports[`<Honesty /> <Honesty /> snapshot when isHonest is false: Honesty 1`] = `
<section
  id="honesty-policy"
>
  <SectionHeader>
    settings.headings.honesty
  </SectionHeader>
  <FullWidthRow>
    <Uncontrolled(Panel)
      className="honesty-panel"
    >
      <HonestyPolicy />
    </Uncontrolled(Panel)>
    <Spacer />
    <Button
      active={false}
      aria-pressed={false}
      block={true}
      bsClass="btn"
      bsStyle="primary"
      disabled={false}
      onClick={[Function]}
    >
      buttons.agree
    </Button>
  </FullWidthRow>
</section>
`;

exports[`<Honesty /> <Honesty /> snapshot when isHonest is true: HonestyAccepted 1`] = `
<section
  id="honesty-policy"
>
  <SectionHeader>
    settings.headings.honesty
  </SectionHeader>
  <FullWidthRow>
    <Uncontrolled(Panel)
      className="honesty-panel"
    >
      <HonestyPolicy />
    </Uncontrolled(Panel)>
    <Spacer />
    <Button
      active={false}
      aria-pressed={true}
      block={true}
      bsClass="btn"
      bsStyle="primary"
      disabled={false}
      onClick={[Function]}
    >
      buttons.accepted-honesty
    </Button>
  </FullWidthRow>
</section>
`;
