// Jest Snapshot v1, https://goo.gl/fbAQLP

exports[`<BlockSaveButton /> snapshot 1`] = `
<div>
  <button
    class=" relative cursor-pointer border-3 border-solid text-center no-underline active:before:w-full active:before:h-full active:before:absolute active:before:inset-0 active:before:border-3 active:before:border-transparent active:before:bg-gray-900 active:before:opacity-20 aria-disabled:cursor-not-allowed aria-disabled:opacity-50 focus:outline-none focus:ring focus:ring-focus-outline-color block w-full border-foreground-secondary bg-background-quaternary text-foreground-secondary hover:bg-foreground-primary hover:text-background-primary dark:hover:bg-background-primary dark:hover:text-foreground-primary px-3 py-1.5 text-md"
    type="submit"
  >
    buttons.save
  </button>
</div>
`;
