// Jest Snapshot v1, https://goo.gl/fbAQLP

exports[`share template snapshot before copied 1`] = `
<button
  class="btn-block btn"
  data-testid="share-template"
>
  <span
    data-testid="copy-button"
  >
     
    buttons.copy-link-to-share
     
  </span>
</button>
`;
