// Jest Snapshot v1, https://goo.gl/fbAQLP

exports[`<ChallengeTitle/> renders correctly 1`] = `
<div
  className="challenge-title-wrap"
>
  <div
    className="challenge-title-breadcrumbs"
  >
    <a
      className="breadcrumb-left"
      href="/learn/undefined"
    >
      <span>
        <span
          className="sr-only"
        >
          icons.responsive-design
        </span>
        <svg
          className="breadcrumb-icon"
          viewBox="0 0 640 512"
          xmlns="http://www.w3.org/2000/svg"
        >
          <path
            d="M112 48h352v48h48V32a32.09 32.09 0 00-32-32H96a32.09 32.09 0 00-32 32v256H16a16 16 0 00-16 16v16a64.14 64.14 0 0063.91 64H352v-96H112zm492 80H420a36 36 0 00-36 36v312a36 36 0 0036 36h184a36 36 0 0036-36V164a36 36 0 00-36-36zm-12 336H432V176h160z"
          />
        </svg>
      </span>
    </a>
    <div
      className="breadcrumb-center"
    >
      <span>
        &gt;&gt;
      </span>
    </div>
    <a
      className="breadcrumb-right"
      href="/learn/undefined"
      state={
        Object {
          "breadcrumbBlockClick": undefined,
        }
      }
    />
  </div>
  <b>
    title text
  </b>
  <span
    className="sr-only"
  >
    icons.passed
  </span>
  <svg
    height="50"
    style={
      Object {
        "height": "15px",
        "marginLeft": "7px",
        "width": "15px",
      }
    }
    viewBox="0 0 200 200"
    width="50"
    xmlns="http://www.w3.org/2000/svg"
  >
    <g>
      <title>
        icons.passed
      </title>
      <circle
        cx="100"
        cy="99"
        fill="var(--primary-color)"
        r="95"
        stroke="var(--primary-color)"
        strokeDasharray="null"
        strokeLinecap="null"
        strokeLinejoin="null"
      />
      <rect
        fill="var(--primary-background)"
        height="30"
        stroke="var(--primary-background)"
        strokeDasharray="null"
        strokeLinecap="null"
        strokeLinejoin="null"
        transform="rotate(-45, 120, 106.321)"
        width="128.85878"
        x="55.57059"
        y="91.32089"
      />
      <rect
        fill="var(--primary-background)"
        height="30"
        stroke="var(--primary-background)"
        strokeDasharray="null"
        strokeLinecap="null"
        strokeLinejoin="null"
        transform="rotate(45, 66.75, 123.75)"
        width="80.66548"
        x="26.41726"
        y="108.75"
      />
    </g>
  </svg>
</div>
`;
