// Jest Snapshot v1, https://goo.gl/fbAQLP

exports[`<Loader /> matches the fullScreen render snapshot 1`] = `
<div
  class="fcc-loader full-screen-wrapper"
  data-testid="fcc-loader"
>
  <div
    class="sk-fade-in sk-spinner line-scale-pulse-out"
  >
    <div />
    <div />
    <div />
    <div />
    <div />
  </div>
  <br />
  <p
    class="text-center"
  >
    Looks like this is taking longer than usual, please try refreshing the page.
  </p>
</div>
`;

exports[`<Loader /> matches to the default render snapshot 1`] = `
<div
  class="fcc-loader "
  data-testid="fcc-loader"
>
  <div
    class="sk-fade-in sk-spinner line-scale-pulse-out"
  >
    <div />
    <div />
    <div />
    <div />
    <div />
  </div>
</div>
`;
